
╔═══════════════════════════════════════════════════════════════════════╗
║          MIRA DDoS DETECTOR - STATISTICS (MULTI-CORE)                ║
╚═══════════════════════════════════════════════════════════════════════╝

[PACKET COUNTERS - GLOBAL]
  Total packets:      0
  Baseline (10.10.2.x): 0 (0.0%)
  Attack (10.10.3.x): 0 (0.0%)
  TCP packets:        0
  UDP packets:        0
  ICMP packets:       0

[INSTANTANEOUS TRAFFIC - Last 5.0 seconds]
  Baseline (10.10.2.x): 0 pkts (0.0%)  0 bytes  0.00 Gbps
  Attack (10.10.3.x): 0 pkts (0.0%)  0 bytes  0.00 Gbps
  Total throughput:   0.00 Gbps  (avg pkt: 0 bytes)

[CUMULATIVE TRAFFIC - Since first packet (0.0s)]
  Total received:     0 pkts (0.00 Mpps) | 0.00 Gbps | 0 bytes

[ATTACK-SPECIFIC COUNTERS]
  SYN packets:        0
  SYN-ACK packets:    0
  SYN/ACK ratio:      0.00
  HTTP requests:      0
  DNS queries:        0

[PROTOCOL-SPECIFIC COUNTERS - CIC-DDoS-2019 Features]
  NTP Amplification:
    Monlist queries:  0
    Responses:        0  (avg size: 0 bytes)
  DNS Amplification:
    ANY queries:      0
    TXT queries:      0
    Responses:        0  (avg size: 0 bytes)
  SNMP Amplification:
    GetBulk requests: 0
    Responses:        0  (avg size: 0 bytes)
  SSDP:
    M-SEARCH packets: 0
    Responses:        0
  PortMapper:
    GETPORT calls:    0
    DUMP calls:       0
  NetBIOS:
    Name queries:     0
    Datagram packets: 0
  LDAP:
    Bind requests:    0
    Search requests:  0
  MSSQL:
    SQLBatch packets: 0
    RPC packets:      0
  TFTP:
    RRQ (read) pkts:  0
    WRQ (write) pkts: 0

[ATTACK DETECTIONS - Cumulative Events]
  UDP flood events:   0
  SYN flood events:   0
  HTTP flood events:  0
  ICMP flood events:  0
  DNS amp events:     0
  NTP amp events:     0
  ACK flood events:   0
  Frag attack events: 0
  Packet flood events:0
  (Note: Events count IPs exceeding thresholds per 50ms window)

[SKETCH-ADV PER-PROTOCOL FEATURES]
=== Per-Protocol Sketch Analysis (12 sketches) ===

  [DNS (port 53)]
    PPS:              0.0
    Heavy-hitters:    0
    IP Concentration: 0.0%
    Ratio vs Total:   0.00

  [NTP (port 123)]
    PPS:              0.0
    Heavy-hitters:    0
    IP Concentration: 0.0%
    Ratio vs Total:   0.00

  [SNMP (port 161)]
    PPS:              0.0
    Heavy-hitters:    0
    IP Concentration: 0.0%
    Ratio vs Total:   0.00

  [SSDP (port 1900)]
    PPS:              0.0
    Heavy-hitters:    0
    IP Concentration: 0.0%
    Ratio vs Total:   0.00

  [PortMap (port 111)]
    PPS:              0.0
    Heavy-hitters:    0
    IP Concentration: 0.0%
    Ratio vs Total:   0.00

  [NetBIOS (port 137/138)]
    PPS:              0.0
    Heavy-hitters:    0
    IP Concentration: 0.0%
    Ratio vs Total:   0.00

  [LDAP (port 389)]
    PPS:              0.0
    Heavy-hitters:    0
    IP Concentration: 0.0%
    Ratio vs Total:   0.00

  [MSSQL (port 1433/4)]
    PPS:              0.0
    Heavy-hitters:    0
    IP Concentration: 0.0%
    Ratio vs Total:   0.00

  [TFTP (port 69)]
    PPS:              0.0
    Heavy-hitters:    0
    IP Concentration: 0.0%
    Ratio vs Total:   0.00

  [SYN (TCP SYN)]
    PPS:              0.0
    Heavy-hitters:    0
    IP Concentration: 0.0%
    Ratio vs Total:   0.00

  [HTTP (port 80/443)]
    PPS:              0.0
    Heavy-hitters:    0
    IP Concentration: 0.0%
    Ratio vs Total:   0.00

  [UDP-Other (other UDP)]
    PPS:              0.0
    Heavy-hitters:    0
    IP Concentration: 0.0%
    Ratio vs Total:   0.00

  [Packet Size]
    Avg Packet Size:      0.0
    Packet Size Variance: 0.0

[ALERT STATUS]
  Alert level:        [0mNONE[0m
  Reason:             None

[ML CLASSIFICATION]
  Model:              sketch_adv (loaded, waiting for data)

[PERFORMANCE METRICS]
  Throughput:         0.00 Gbps (0.00 Mpps)
  Cycles available:   0 cycles/pkt (lower = higher load)
  Active IPs:         0
  Worker threads:     14 (lcores 1-14)

[DPDK NIC STATISTICS]
  RX packets (NIC):   0
  RX dropped (HW):    [0m0[0m (imissed)
  RX no mbufs:        [0m0[0m (buffer exhaustion)
  RX errors:          0
  Total drops:        [0m0 (0.00%)[0m
  RX burst calls:     0 (0.0% empty)
  Processed pkts:     0 (0.0% of NIC RX)


╔═══════════════════════════════════════════════════════════════════════╗
║          MIRA DDoS DETECTOR - STATISTICS (MULTI-CORE)                ║
╚═══════════════════════════════════════════════════════════════════════╝

[PACKET COUNTERS - GLOBAL]
  Total packets:      0
  Baseline (10.10.2.x): 0 (0.0%)
  Attack (10.10.3.x): 0 (0.0%)
  TCP packets:        0
  UDP packets:        0
  ICMP packets:       0

[INSTANTANEOUS TRAFFIC - Last 5.0 seconds]
  Baseline (10.10.2.x): 0 pkts (0.0%)  0 bytes  0.00 Gbps
  Attack (10.10.3.x): 0 pkts (0.0%)  0 bytes  0.00 Gbps
  Total throughput:   0.00 Gbps  (avg pkt: 0 bytes)

[CUMULATIVE TRAFFIC - Since first packet (0.0s)]
  Total received:     0 pkts (0.00 Mpps) | 0.00 Gbps | 0 bytes

[ATTACK-SPECIFIC COUNTERS]
  SYN packets:        0
  SYN-ACK packets:    0
  SYN/ACK ratio:      0.00
  HTTP requests:      0
  DNS queries:        0

[PROTOCOL-SPECIFIC COUNTERS - CIC-DDoS-2019 Features]
  NTP Amplification:
    Monlist queries:  0
    Responses:        0  (avg size: 0 bytes)
  DNS Amplification:
    ANY queries:      0
    TXT queries:      0
    Responses:        0  (avg size: 0 bytes)
  SNMP Amplification:
    GetBulk requests: 0
    Responses:        0  (avg size: 0 bytes)
  SSDP:
    M-SEARCH packets: 0
    Responses:        0
  PortMapper:
    GETPORT calls:    0
    DUMP calls:       0
  NetBIOS:
    Name queries:     0
    Datagram packets: 0
  LDAP:
    Bind requests:    0
    Search requests:  0
  MSSQL:
    SQLBatch packets: 0
    RPC packets:      0
  TFTP:
    RRQ (read) pkts:  0
    WRQ (write) pkts: 0

[ATTACK DETECTIONS - Cumulative Events]
  UDP flood events:   0
  SYN flood events:   0
  HTTP flood events:  0
  ICMP flood events:  0
  DNS amp events:     0
  NTP amp events:     0
  ACK flood events:   0
  Frag attack events: 0
  Packet flood events:0
  (Note: Events count IPs exceeding thresholds per 50ms window)

[SKETCH-ADV PER-PROTOCOL FEATURES]
=== Per-Protocol Sketch Analysis (12 sketches) ===

  [DNS (port 53)]
    PPS:              0.0
    Heavy-hitters:    0
    IP Concentration: 0.0%
    Ratio vs Total:   0.00

  [NTP (port 123)]
    PPS:              0.0
    Heavy-hitters:    0
    IP Concentration: 0.0%
    Ratio vs Total:   0.00

  [SNMP (port 161)]
    PPS:              0.0
    Heavy-hitters:    0
    IP Concentration: 0.0%
    Ratio vs Total:   0.00

  [SSDP (port 1900)]
    PPS:              0.0
    Heavy-hitters:    0
    IP Concentration: 0.0%
    Ratio vs Total:   0.00

  [PortMap (port 111)]
    PPS:              0.0
    Heavy-hitters:    0
    IP Concentration: 0.0%
    Ratio vs Total:   0.00

  [NetBIOS (port 137/138)]
    PPS:              0.0
    Heavy-hitters:    0
    IP Concentration: 0.0%
    Ratio vs Total:   0.00

  [LDAP (port 389)]
    PPS:              0.0
    Heavy-hitters:    0
    IP Concentration: 0.0%
    Ratio vs Total:   0.00

  [MSSQL (port 1433/4)]
    PPS:              0.0
    Heavy-hitters:    0
    IP Concentration: 0.0%
    Ratio vs Total:   0.00

  [TFTP (port 69)]
    PPS:              0.0
    Heavy-hitters:    0
    IP Concentration: 0.0%
    Ratio vs Total:   0.00

  [SYN (TCP SYN)]
    PPS:              0.0
    Heavy-hitters:    0
    IP Concentration: 0.0%
    Ratio vs Total:   0.00

  [HTTP (port 80/443)]
    PPS:              0.0
    Heavy-hitters:    0
    IP Concentration: 0.0%
    Ratio vs Total:   0.00

  [UDP-Other (other UDP)]
    PPS:              0.0
    Heavy-hitters:    0
    IP Concentration: 0.0%
    Ratio vs Total:   0.00

  [Packet Size]
    Avg Packet Size:      0.0
    Packet Size Variance: 0.0

[ALERT STATUS]
  Alert level:        [0mNONE[0m
  Reason:             None

[ML CLASSIFICATION]
  Model:              sketch_adv (loaded, waiting for data)

[PERFORMANCE METRICS]
  Throughput:         0.00 Gbps (0.00 Mpps)
  Cycles available:   0 cycles/pkt (lower = higher load)
  Active IPs:         0
  Worker threads:     14 (lcores 1-14)

[DPDK NIC STATISTICS]
  RX packets (NIC):   0
  RX dropped (HW):    [0m0[0m (imissed)
  RX no mbufs:        [0m0[0m (buffer exhaustion)
  RX errors:          0
  Total drops:        [0m0 (0.00%)[0m
  RX burst calls:     0 (0.0% empty)
  Processed pkts:     0 (0.0% of NIC RX)


╔═══════════════════════════════════════════════════════════════════════╗
║          MIRA DDoS DETECTOR - STATISTICS (MULTI-CORE)                ║
╚═══════════════════════════════════════════════════════════════════════╝

[PACKET COUNTERS - GLOBAL]
  Total packets:      23692288
  Baseline (10.10.2.x): 14937618 (63.0%)
  Attack (10.10.3.x): 0 (0.0%)
  TCP packets:        16584075
  UDP packets:        5789614
  ICMP packets:       1318599

[INSTANTANEOUS TRAFFIC - Last 5.0 seconds]
  Baseline (10.10.2.x): 14937618 pkts (100.0%)  1326329225 bytes  2.12 Gbps
  Attack (10.10.3.x): 0 pkts (0.0%)  0 bytes  0.00 Gbps
  Total throughput:   2.12 Gbps  (avg pkt: 89 bytes)

[CUMULATIVE TRAFFIC - Since first packet (2.9s)]
  Total received:     23692288 pkts (8.23 Mpps) | 8.17 Gbps | 2939974947 bytes

[ATTACK-SPECIFIC COUNTERS]
  SYN packets:        4343260
  SYN-ACK packets:    2171627
  SYN/ACK ratio:      2.00
  HTTP requests:      8885918
  DNS queries:        4738785

[PROTOCOL-SPECIFIC COUNTERS - CIC-DDoS-2019 Features]
  NTP Amplification:
    Monlist queries:  0
    Responses:        0  (avg size: 0 bytes)
  DNS Amplification:
    ANY queries:      0
    TXT queries:      0
    Responses:        2369391  (avg size: 108 bytes)
  SNMP Amplification:
    GetBulk requests: 199395
    Responses:        0  (avg size: 0 bytes)
  SSDP:
    M-SEARCH packets: 0
    Responses:        0
  PortMapper:
    GETPORT calls:    0
    DUMP calls:       0
  NetBIOS:
    Name queries:     0
    Datagram packets: 0
  LDAP:
    Bind requests:    0
    Search requests:  0
  MSSQL:
    SQLBatch packets: 0
    RPC packets:      0
  TFTP:
    RRQ (read) pkts:  0
    WRQ (write) pkts: 0

[ATTACK DETECTIONS - Cumulative Events]
  UDP flood events:   0
  SYN flood events:   0
  HTTP flood events:  0
  ICMP flood events:  0
  DNS amp events:     0
  NTP amp events:     0
  ACK flood events:   0
  Frag attack events: 0
  Packet flood events:0
  (Note: Events count IPs exceeding thresholds per 50ms window)

[SKETCH-ADV PER-PROTOCOL FEATURES]
=== Per-Protocol Sketch Analysis (12 sketches) ===

  [DNS (port 53)]
    PPS:              0.0
    Heavy-hitters:    0
    IP Concentration: 0.0%
    Ratio vs Total:   0.00

  [NTP (port 123)]
    PPS:              0.0
    Heavy-hitters:    0
    IP Concentration: 0.0%
    Ratio vs Total:   0.00

  [SNMP (port 161)]
    PPS:              0.0
    Heavy-hitters:    0
    IP Concentration: 0.0%
    Ratio vs Total:   0.00

  [SSDP (port 1900)]
    PPS:              0.0
    Heavy-hitters:    0
    IP Concentration: 0.0%
    Ratio vs Total:   0.00

  [PortMap (port 111)]
    PPS:              0.0
    Heavy-hitters:    0
    IP Concentration: 0.0%
    Ratio vs Total:   0.00

  [NetBIOS (port 137/138)]
    PPS:              0.0
    Heavy-hitters:    0
    IP Concentration: 0.0%
    Ratio vs Total:   0.00

  [LDAP (port 389)]
    PPS:              0.0
    Heavy-hitters:    0
    IP Concentration: 0.0%
    Ratio vs Total:   0.00

  [MSSQL (port 1433/4)]
    PPS:              0.0
    Heavy-hitters:    0
    IP Concentration: 0.0%
    Ratio vs Total:   0.00

  [TFTP (port 69)]
    PPS:              0.0
    Heavy-hitters:    0
    IP Concentration: 0.0%
    Ratio vs Total:   0.00

  [SYN (TCP SYN)]
    PPS:              0.0
    Heavy-hitters:    0
    IP Concentration: 0.0%
    Ratio vs Total:   0.00

  [HTTP (port 80/443)]
    PPS:              0.0
    Heavy-hitters:    0
    IP Concentration: 0.0%
    Ratio vs Total:   0.00

  [UDP-Other (other UDP)]
    PPS:              0.0
    Heavy-hitters:    0
    IP Concentration: 0.0%
    Ratio vs Total:   0.00

  [Packet Size]
    Avg Packet Size:      0.0
    Packet Size Variance: 0.0

[ALERT STATUS]
  Alert level:        [0mNONE[0m
  Reason:             None

[ML CLASSIFICATION]
  Model:              sketch_adv (64 features)
  Prediction:         [1;32mbenign[0m (99.97%)
  Class probabilities: benign:100.0% dns:0.0% ldap:0.0% mixed:0.0% mssql:0.0% netbios:0.0% ntp:0.0% portmap:0.0% snmp:0.0% ssdp:0.0% syn:0.0% tftp:0.0% udp:0.0% webddos:0.0%

[PERFORMANCE METRICS]
  Throughput:         2.12 Gbps (2.99 Mpps)
  Cycles available:   1001 cycles/pkt (lower = higher load)
  Active IPs:         0
  Worker threads:     14 (lcores 1-14)

[DPDK NIC STATISTICS]
  RX packets (NIC):   23689473
  RX dropped (HW):    [0m0[0m (imissed)
  RX no mbufs:        [0m0[0m (buffer exhaustion)
  RX errors:          0
  Total drops:        [0m0 (0.00%)[0m
  RX burst calls:     5647977186 (99.8% empty)
  Processed pkts:     23692288 (100.0% of NIC RX)


╔═══════════════════════════════════════════════════════════════════════╗
║          MIRA DDoS DETECTOR - STATISTICS (MULTI-CORE)                ║
╚═══════════════════════════════════════════════════════════════════════╝

[PACKET COUNTERS - GLOBAL]
  Total packets:      64900114
  Baseline (10.10.2.x): 40921649 (63.1%)
  Attack (10.10.3.x): 0 (0.0%)
  TCP packets:        45430215
  UDP packets:        15859076
  ICMP packets:       3610823

[INSTANTANEOUS TRAFFIC - Last 5.0 seconds]
  Baseline (10.10.2.x): 25978855 pkts (100.0%)  2307348685 bytes  3.69 Gbps
  Attack (10.10.3.x): 0 pkts (0.0%)  0 bytes  0.00 Gbps
  Total throughput:   3.69 Gbps  (avg pkt: 89 bytes)

[CUMULATIVE TRAFFIC - Since first packet (7.9s)]
  Total received:     64900114 pkts (8.23 Mpps) | 8.17 Gbps | 8053651787 bytes

[ATTACK-SPECIFIC COUNTERS]
  SYN packets:        11898389
  SYN-ACK packets:    5949187
  SYN/ACK ratio:      2.00
  HTTP requests:      24338173
  DNS queries:        12977300

[PROTOCOL-SPECIFIC COUNTERS - CIC-DDoS-2019 Features]
  NTP Amplification:
    Monlist queries:  0
    Responses:        0  (avg size: 0 bytes)
  DNS Amplification:
    ANY queries:      0
    TXT queries:      0
    Responses:        6488643  (avg size: 108 bytes)
  SNMP Amplification:
    GetBulk requests: 546514
    Responses:        0  (avg size: 0 bytes)
  SSDP:
    M-SEARCH packets: 0
    Responses:        0
  PortMapper:
    GETPORT calls:    0
    DUMP calls:       0
  NetBIOS:
    Name queries:     0
    Datagram packets: 0
  LDAP:
    Bind requests:    0
    Search requests:  0
  MSSQL:
    SQLBatch packets: 0
    RPC packets:      0
  TFTP:
    RRQ (read) pkts:  0
    WRQ (write) pkts: 0

[ATTACK DETECTIONS - Cumulative Events]
  UDP flood events:   0
  SYN flood events:   0
  HTTP flood events:  0
  ICMP flood events:  0
  DNS amp events:     0
  NTP amp events:     0
  ACK flood events:   0
  Frag attack events: 0
  Packet flood events:0
  (Note: Events count IPs exceeding thresholds per 50ms window)

[SKETCH-ADV PER-PROTOCOL FEATURES]
=== Per-Protocol Sketch Analysis (12 sketches) ===

  [DNS (port 53)]
    PPS:              0.0
    Heavy-hitters:    0
    IP Concentration: 0.0%
    Ratio vs Total:   0.00

  [NTP (port 123)]
    PPS:              0.0
    Heavy-hitters:    0
    IP Concentration: 0.0%
    Ratio vs Total:   0.00

  [SNMP (port 161)]
    PPS:              0.0
    Heavy-hitters:    0
    IP Concentration: 0.0%
    Ratio vs Total:   0.00

  [SSDP (port 1900)]
    PPS:              0.0
    Heavy-hitters:    0
    IP Concentration: 0.0%
    Ratio vs Total:   0.00

  [PortMap (port 111)]
    PPS:              0.0
    Heavy-hitters:    0
    IP Concentration: 0.0%
    Ratio vs Total:   0.00

  [NetBIOS (port 137/138)]
    PPS:              0.0
    Heavy-hitters:    0
    IP Concentration: 0.0%
    Ratio vs Total:   0.00

  [LDAP (port 389)]
    PPS:              0.0
    Heavy-hitters:    0
    IP Concentration: 0.0%
    Ratio vs Total:   0.00

  [MSSQL (port 1433/4)]
    PPS:              0.0
    Heavy-hitters:    0
    IP Concentration: 0.0%
    Ratio vs Total:   0.00

  [TFTP (port 69)]
    PPS:              0.0
    Heavy-hitters:    0
    IP Concentration: 0.0%
    Ratio vs Total:   0.00

  [SYN (TCP SYN)]
    PPS:              0.0
    Heavy-hitters:    0
    IP Concentration: 0.0%
    Ratio vs Total:   0.00

  [HTTP (port 80/443)]
    PPS:              0.0
    Heavy-hitters:    0
    IP Concentration: 0.0%
    Ratio vs Total:   0.00

  [UDP-Other (other UDP)]
    PPS:              0.0
    Heavy-hitters:    0
    IP Concentration: 0.0%
    Ratio vs Total:   0.00

  [Packet Size]
    Avg Packet Size:      0.0
    Packet Size Variance: 0.0

[ALERT STATUS]
  Alert level:        [0mNONE[0m
  Reason:             None

[ML CLASSIFICATION]
  Model:              sketch_adv (64 features)
  Prediction:         [1;32mbenign[0m (99.97%)
  Class probabilities: benign:100.0% dns:0.0% ldap:0.0% mixed:0.0% mssql:0.0% netbios:0.0% ntp:0.0% portmap:0.0% snmp:0.0% ssdp:0.0% syn:0.0% tftp:0.0% udp:0.0% webddos:0.0%

[PERFORMANCE METRICS]
  Throughput:         3.69 Gbps (5.19 Mpps)
  Cycles available:   577 cycles/pkt (lower = higher load)
  Active IPs:         0
  Worker threads:     14 (lcores 1-14)

[DPDK NIC STATISTICS]
  RX packets (NIC):   64897537
  RX dropped (HW):    [0m0[0m (imissed)
  RX no mbufs:        [0m0[0m (buffer exhaustion)
  RX errors:          0
  Total drops:        [0m0 (0.00%)[0m
  RX burst calls:     6774145171 (99.5% empty)
  Processed pkts:     64900114 (100.0% of NIC RX)


╔═══════════════════════════════════════════════════════════════════════╗
║          MIRA DDoS DETECTOR - STATISTICS (MULTI-CORE)                ║
╚═══════════════════════════════════════════════════════════════════════╝

[PACKET COUNTERS - GLOBAL]
  Total packets:      106121644
  Baseline (10.10.2.x): 66913000 (63.1%)
  Attack (10.10.3.x): 0 (0.0%)
  TCP packets:        74283245
  UDP packets:        25931517
  ICMP packets:       5906882

[INSTANTANEOUS TRAFFIC - Last 5.0 seconds]
  Baseline (10.10.2.x): 25986180 pkts (100.0%)  2307749367 bytes  3.69 Gbps
  Attack (10.10.3.x): 0 pkts (0.0%)  0 bytes  0.00 Gbps
  Total throughput:   3.69 Gbps  (avg pkt: 89 bytes)

[CUMULATIVE TRAFFIC - Since first packet (12.9s)]
  Total received:     106121644 pkts (8.23 Mpps) | 8.17 Gbps | 13168693759 bytes

[ATTACK-SPECIFIC COUNTERS]
  SYN packets:        19455315
  SYN-ACK packets:    9727646
  SYN/ACK ratio:      2.00
  HTTP requests:      39793957
  DNS queries:        21220079

[PROTOCOL-SPECIFIC COUNTERS - CIC-DDoS-2019 Features]
  NTP Amplification:
    Monlist queries:  0
    Responses:        0  (avg size: 0 bytes)
  DNS Amplification:
    ANY queries:      0
    TXT queries:      0
    Responses:        10610036  (avg size: 108 bytes)
  SNMP Amplification:
    GetBulk requests: 893546
    Responses:        0  (avg size: 0 bytes)
  SSDP:
    M-SEARCH packets: 0
    Responses:        0
  PortMapper:
    GETPORT calls:    0
    DUMP calls:       0
  NetBIOS:
    Name queries:     0
    Datagram packets: 0
  LDAP:
    Bind requests:    0
    Search requests:  0
  MSSQL:
    SQLBatch packets: 0
    RPC packets:      0
  TFTP:
    RRQ (read) pkts:  0
    WRQ (write) pkts: 0

[ATTACK DETECTIONS - Cumulative Events]
  UDP flood events:   0
  SYN flood events:   0
  HTTP flood events:  0
  ICMP flood events:  0
  DNS amp events:     0
  NTP amp events:     0
  ACK flood events:   0
  Frag attack events: 0
  Packet flood events:0
  (Note: Events count IPs exceeding thresholds per 50ms window)

[SKETCH-ADV PER-PROTOCOL FEATURES]
=== Per-Protocol Sketch Analysis (12 sketches) ===

  [DNS (port 53)]
    PPS:              0.0
    Heavy-hitters:    0
    IP Concentration: 0.0%
    Ratio vs Total:   0.00

  [NTP (port 123)]
    PPS:              0.0
    Heavy-hitters:    0
    IP Concentration: 0.0%
    Ratio vs Total:   0.00

  [SNMP (port 161)]
    PPS:              0.0
    Heavy-hitters:    0
    IP Concentration: 0.0%
    Ratio vs Total:   0.00

  [SSDP (port 1900)]
    PPS:              0.0
    Heavy-hitters:    0
    IP Concentration: 0.0%
    Ratio vs Total:   0.00

  [PortMap (port 111)]
    PPS:              0.0
    Heavy-hitters:    0
    IP Concentration: 0.0%
    Ratio vs Total:   0.00

  [NetBIOS (port 137/138)]
    PPS:              0.0
    Heavy-hitters:    0
    IP Concentration: 0.0%
    Ratio vs Total:   0.00

  [LDAP (port 389)]
    PPS:              0.0
    Heavy-hitters:    0
    IP Concentration: 0.0%
    Ratio vs Total:   0.00

  [MSSQL (port 1433/4)]
    PPS:              0.0
    Heavy-hitters:    0
    IP Concentration: 0.0%
    Ratio vs Total:   0.00

  [TFTP (port 69)]
    PPS:              0.0
    Heavy-hitters:    0
    IP Concentration: 0.0%
    Ratio vs Total:   0.00

  [SYN (TCP SYN)]
    PPS:              0.0
    Heavy-hitters:    0
    IP Concentration: 0.0%
    Ratio vs Total:   0.00

  [HTTP (port 80/443)]
    PPS:              0.0
    Heavy-hitters:    0
    IP Concentration: 0.0%
    Ratio vs Total:   0.00

  [UDP-Other (other UDP)]
    PPS:              0.0
    Heavy-hitters:    0
    IP Concentration: 0.0%
    Ratio vs Total:   0.00

  [Packet Size]
    Avg Packet Size:      0.0
    Packet Size Variance: 0.0

[ALERT STATUS]
  Alert level:        [0mNONE[0m
  Reason:             None

[ML CLASSIFICATION]
  Model:              sketch_adv (64 features)
  Prediction:         [1;32mbenign[0m (99.97%)
  Class probabilities: benign:100.0% dns:0.0% ldap:0.0% mixed:0.0% mssql:0.0% netbios:0.0% ntp:0.0% portmap:0.0% snmp:0.0% ssdp:0.0% syn:0.0% tftp:0.0% udp:0.0% webddos:0.0%

[PERFORMANCE METRICS]
  Throughput:         3.69 Gbps (5.19 Mpps)
  Cycles available:   576 cycles/pkt (lower = higher load)
  Active IPs:         0
  Worker threads:     14 (lcores 1-14)

[DPDK NIC STATISTICS]
  RX packets (NIC):   106119005
  RX dropped (HW):    [0m0[0m (imissed)
  RX no mbufs:        [0m0[0m (buffer exhaustion)
  RX errors:          0
  Total drops:        [0m0 (0.00%)[0m
  RX burst calls:     7901273095 (99.2% empty)
  Processed pkts:     106121644 (100.0% of NIC RX)


╔═══════════════════════════════════════════════════════════════════════╗
║          MIRA DDoS DETECTOR - STATISTICS (MULTI-CORE)                ║
╚═══════════════════════════════════════════════════════════════════════╝

[PACKET COUNTERS - GLOBAL]
  Total packets:      147315426
  Baseline (10.10.2.x): 92886748 (63.1%)
  Attack (10.10.3.x): 0 (0.0%)
  TCP packets:        103115416
  UDP packets:        36001101
  ICMP packets:       8198909

[INSTANTANEOUS TRAFFIC - Last 5.0 seconds]
  Baseline (10.10.2.x): 25968653 pkts (100.0%)  2306303592 bytes  3.69 Gbps
  Attack (10.10.3.x): 0 pkts (0.0%)  0 bytes  0.00 Gbps
  Total throughput:   3.69 Gbps  (avg pkt: 89 bytes)

[CUMULATIVE TRAFFIC - Since first packet (17.9s)]
  Total received:     147315426 pkts (8.23 Mpps) | 8.17 Gbps | 18280473424 bytes

[ATTACK-SPECIFIC COUNTERS]
  SYN packets:        27006630
  SYN-ACK packets:    13503301
  SYN/ACK ratio:      2.00
  HTTP requests:      55239784
  DNS queries:        29460174

[PROTOCOL-SPECIFIC COUNTERS - CIC-DDoS-2019 Features]
  NTP Amplification:
    Monlist queries:  0
    Responses:        0  (avg size: 0 bytes)
  DNS Amplification:
    ANY queries:      0
    TXT queries:      0
    Responses:        14730089  (avg size: 108 bytes)
  SNMP Amplification:
    GetBulk requests: 1240366
    Responses:        0  (avg size: 0 bytes)
  SSDP:
    M-SEARCH packets: 0
    Responses:        0
  PortMapper:
    GETPORT calls:    0
    DUMP calls:       0
  NetBIOS:
    Name queries:     0
    Datagram packets: 0
  LDAP:
    Bind requests:    0
    Search requests:  0
  MSSQL:
    SQLBatch packets: 0
    RPC packets:      0
  TFTP:
    RRQ (read) pkts:  0
    WRQ (write) pkts: 0

[ATTACK DETECTIONS - Cumulative Events]
  UDP flood events:   0
  SYN flood events:   0
  HTTP flood events:  0
  ICMP flood events:  0
  DNS amp events:     0
  NTP amp events:     0
  ACK flood events:   0
  Frag attack events: 0
  Packet flood events:0
  (Note: Events count IPs exceeding thresholds per 50ms window)

[SKETCH-ADV PER-PROTOCOL FEATURES]
=== Per-Protocol Sketch Analysis (12 sketches) ===

  [DNS (port 53)]
    PPS:              0.0
    Heavy-hitters:    0
    IP Concentration: 0.0%
    Ratio vs Total:   0.00

  [NTP (port 123)]
    PPS:              0.0
    Heavy-hitters:    0
    IP Concentration: 0.0%
    Ratio vs Total:   0.00

  [SNMP (port 161)]
    PPS:              0.0
    Heavy-hitters:    0
    IP Concentration: 0.0%
    Ratio vs Total:   0.00

  [SSDP (port 1900)]
    PPS:              0.0
    Heavy-hitters:    0
    IP Concentration: 0.0%
    Ratio vs Total:   0.00

  [PortMap (port 111)]
    PPS:              0.0
    Heavy-hitters:    0
    IP Concentration: 0.0%
    Ratio vs Total:   0.00

  [NetBIOS (port 137/138)]
    PPS:              0.0
    Heavy-hitters:    0
    IP Concentration: 0.0%
    Ratio vs Total:   0.00

  [LDAP (port 389)]
    PPS:              0.0
    Heavy-hitters:    0
    IP Concentration: 0.0%
    Ratio vs Total:   0.00

  [MSSQL (port 1433/4)]
    PPS:              0.0
    Heavy-hitters:    0
    IP Concentration: 0.0%
    Ratio vs Total:   0.00

  [TFTP (port 69)]
    PPS:              0.0
    Heavy-hitters:    0
    IP Concentration: 0.0%
    Ratio vs Total:   0.00

  [SYN (TCP SYN)]
    PPS:              0.0
    Heavy-hitters:    0
    IP Concentration: 0.0%
    Ratio vs Total:   0.00

  [HTTP (port 80/443)]
    PPS:              0.0
    Heavy-hitters:    0
    IP Concentration: 0.0%
    Ratio vs Total:   0.00

  [UDP-Other (other UDP)]
    PPS:              0.0
    Heavy-hitters:    0
    IP Concentration: 0.0%
    Ratio vs Total:   0.00

  [Packet Size]
    Avg Packet Size:      0.0
    Packet Size Variance: 0.0

[ALERT STATUS]
  Alert level:        [0mNONE[0m
  Reason:             None

[ML CLASSIFICATION]
  Model:              sketch_adv (64 features)
  Prediction:         [1;32mbenign[0m (99.97%)
  Class probabilities: benign:100.0% dns:0.0% ldap:0.0% mixed:0.0% mssql:0.0% netbios:0.0% ntp:0.0% portmap:0.0% snmp:0.0% ssdp:0.0% syn:0.0% tftp:0.0% udp:0.0% webddos:0.0%

[PERFORMANCE METRICS]
  Throughput:         3.69 Gbps (5.19 Mpps)
  Cycles available:   576 cycles/pkt (lower = higher load)
  Active IPs:         0
  Worker threads:     14 (lcores 1-14)

[DPDK NIC STATISTICS]
  RX packets (NIC):   147312788
  RX dropped (HW):    [0m0[0m (imissed)
  RX no mbufs:        [0m0[0m (buffer exhaustion)
  RX errors:          0
  Total drops:        [0m0 (0.00%)[0m
  RX burst calls:     9027289361 (99.1% empty)
  Processed pkts:     147315426 (100.0% of NIC RX)

